🧪 KOMPLETT SYSTEMTESTNING - Alla funktioner
================================================

📋 TEST 1: FILTYPSFILTRERING (DETALJERAT)
  ✅ PDF-filter: 120 filer
  ✅ JPG-filter: 80 filer
  ✅ MP3-filter: 120 filer
  ✅ PPT-filter: 141 filer
  ✅ Filtypsfiltrering korrekt - bara rätt typer returneras

📋 TEST 2: FAVORITER-SYSTEM (KOMPLETT)
  ✅ Hämta favoriter: 39 favoriter
  ✅ Lägg till favorit: yellow-leaves.jpg
  ✅ Ta bort favorit: yellow-leaves.jpg

📋 TEST 3: SÖKOPERATORER
  ✅ Contains-sökning: 11 resultat för "test"
  ✅ GPS equals-sökning: 5 resultat

📋 TEST 4: API-PRESTANDA
  ✅ API-responstid: 77ms för 461 filer

📋 TEST 5: GPS-FUNKTIONALITET (DETALJERAT)
  ✅ Filer med GPS-data: 80 av 461
  ✅ GPS-sökning: 5 resultat för (42.03499667, -70.93796333)

📋 TEST 6: FELHANTERING
  ✅ Ogiltiga parametrar: 0 resultat (förväntat: 0)
  ✅ Tom sökning: 461 resultat

🎯 SLUTRESULTAT KOMPLETT SYSTEMTEST
=====================================
✅ Godkända tester: 6
❌ Misslyckade tester: 0
📊 Totalt: 6 tester

📋 DETALJERADE RESULTAT:
1. Filtypsfiltrering: PASS
2. Favoriter-system: PASS
3. Sökoperatorer: PASS
4. API-prestanda: PASS
5. GPS-funktionalitet: PASS
6. Felhantering: PASS

🎯 Framgångsgrad: 100%

🎉 ALLA TESTER GODKÄNDA! System redo för rensning.
